0 verbose cli C:\Program Files\nodejs\node.exe C:\Program Files\nodejs\node_modules\npm\bin\npm-cli.js
1 info using npm@10.5.0
2 info using node@v20.12.2
3 timing npm:load:whichnode Completed in 2ms
4 timing config:load:defaults Completed in 1ms
5 timing config:load:file:C:\Program Files\nodejs\node_modules\npm\npmrc Completed in 3ms
6 timing config:load:builtin Completed in 3ms
7 timing config:load:cli Completed in 2ms
8 timing config:load:env Completed in 0ms
9 timing config:load:file:D:\Users\Andrei_Kotelnikov\Documents\vscode\Project\movies-catalog\.npmrc Completed in 0ms
10 timing config:load:project Completed in 2ms
11 timing config:load:file:C:\Users\Andrei_Kotelnikov\.npmrc Completed in 0ms
12 timing config:load:user Completed in 0ms
13 timing config:load:file:C:\Users\Andrei_Kotelnikov\AppData\Roaming\npm\etc\npmrc Completed in 0ms
14 timing config:load:global Completed in 0ms
15 timing config:load:setEnvs Completed in 1ms
16 timing config:load Completed in 9ms
17 timing npm:load:configload Completed in 9ms
18 timing config:load:flatten Completed in 2ms
19 timing npm:load:mkdirpcache Completed in 1ms
20 timing npm:load:mkdirplogs Completed in 0ms
21 verbose title npm eslint ./node_modules/.cache/.eslintcache .
22 verbose argv "eslint" "--cache" "--cache-location" "./node_modules/.cache/.eslintcache" "."
23 timing npm:load:setTitle Completed in 1ms
24 timing npm:load:display Completed in 1ms
25 verbose logfile logs-max:10 dir:D:\Users\Andrei_Kotelnikov\Documents\vscode\Project\movies-catalog\--cache-location\_logs\2025-01-13T13_11_19_779Z-
26 verbose logfile D:\Users\Andrei_Kotelnikov\Documents\vscode\Project\movies-catalog\--cache-location\_logs\2025-01-13T13_11_19_779Z-debug-0.log
27 timing npm:load:logFile Completed in 7ms
28 timing npm:load:timers Completed in 0ms
29 timing npm:load:configScope Completed in 0ms
30 timing npm:load Completed in 39ms
31 silly logfile done cleaning log files
32 verbose exit 1
33 timing npm Completed in 86ms
34 verbose code 1
